Running DivZero on f
Potential Instructions by DivZero: 
  %div = udiv i32 10, %b.1
