Running DivZero on f
Potential Instructions by DivZero: 
  %div = sdiv i32 %call, %y.0
