Running DivZero on f
Potential Instructions by DivZero: 
  %div = sdiv i32 %i.0, %sum.0
