Running DivZero on main
Potential Instructions by DivZero: 
  %div1 = sdiv i32 %div, %div
